gloss 1:
  m01: S5 digits ['5']  | numerals in en ['5']
  m02: S5 digits ['5', '1']  | numerals in en []
  m04: S5 digits ['2']  | numerals in en []
  m05: S5 digits ['1200', '3000', '25']  | numerals in en ['1,200', '3,000', '25']
  m09: S5 digits ['14']  | numerals in en ['14', '3', '3.13']
  m10: S5 digits ['3']  | numerals in en []
  m16: S5 digits ['2']  | numerals in en []
  m17: S5 digits ['503', '3']  | numerals in en ['503']
  m18: S5 digits []  | numerals in en ['2024', '3']
  m20: S5 digits ['2']  | numerals in en []
  m21: S5 digits ['2']  | numerals in en []
  m22: S5 digits ['2.1', '3.11']  | numerals in en ['2.1', '3.11']
  m25: S5 digits ['100000']  | numerals in en ['100,000']
  m26: S5 digits ['2']  | numerals in en []
  m28: S5 digits ['3', '2']  | numerals in en []
  m29: S5 digits ['1']  | numerals in en []
  m30: S5 digits ['2']  | numerals in en []
  m32: S5 digits ['40', '25', '30']  | numerals in en ['40', '25', '30']
  m33: S5 digits ['2']  | numerals in en []
  m35: S5 digits ['4.2.1']  | numerals in en ['4.2.1']
  m36: S5 digits ['2', '2']  | numerals in en []
  m37: S5 digits ['1', '10']  | numerals in en []
  m38: S5 digits ['2', '3']  | numerals in en []
  m39: S5 digits ['850']  | numerals in en ['850']
gloss 2:
  m01: S5 digits ['5']  | numerals in en ['5']
  m02: S5 digits ['5', '1']  | numerals in en []
  m04: S5 digits ['2']  | numerals in en []
  m05: S5 digits ['1200', '3000', '25']  | numerals in en ['1,200', '3,000', '25']
  m09: S5 digits ['14']  | numerals in en ['14', '3', '3.13']
  m10: S5 digits ['3']  | numerals in en []
  m16: S5 digits ['2']  | numerals in en []
  m17: S5 digits ['503', '3']  | numerals in en ['503']
  m18: S5 digits []  | numerals in en ['2024', '3']
  m20: S5 digits ['2']  | numerals in en []
  m22: S5 digits ['2.1', '3.11']  | numerals in en ['2.1', '3.11']
  m25: S5 digits ['100000']  | numerals in en ['100,000']
  m26: S5 digits ['2']  | numerals in en []
  m28: S5 digits ['3', '2']  | numerals in en []
  m29: S5 digits ['1']  | numerals in en []
  m30: S5 digits ['2']  | numerals in en []
  m32: S5 digits ['40', '25', '30']  | numerals in en ['40', '25', '30']
  m33: S5 digits ['2']  | numerals in en []
  m35: S5 digits ['4.2.1']  | numerals in en ['4.2.1']
  m36: S5 digits ['2', '2']  | numerals in en []
  m37: S5 digits ['1', '10']  | numerals in en []
  m38: S5 digits ['2', '3']  | numerals in en []
  m39: S5 digits ['2', '850']  | numerals in en ['850']
